Archive member included to satisfy reference by file (symbol)

/ext/gcc-arm-none-eabi-5_4-2016q3/bin/../lib/gcc/arm-none-eabi/5.4.1/../../../../arm-none-eabi/lib/armv7e-m/fpu/fpv5-d16/libc.a(lib_a-exit.o)
                              /ext/gcc-arm-none-eabi-5_4-2016q3/bin/../lib/gcc/arm-none-eabi/5.4.1/../../../../arm-none-eabi/lib/armv7e-m/fpu/fpv5-d16/crt0.o (exit)
/ext/gcc-arm-none-eabi-5_4-2016q3/bin/../lib/gcc/arm-none-eabi/5.4.1/../../../../arm-none-eabi/lib/armv7e-m/fpu/fpv5-d16/libc.a(lib_a-impure.o)
                              /ext/gcc-arm-none-eabi-5_4-2016q3/bin/../lib/gcc/arm-none-eabi/5.4.1/../../../../arm-none-eabi/lib/armv7e-m/fpu/fpv5-d16/libc.a(lib_a-exit.o) (_global_impure_ptr)
/ext/gcc-arm-none-eabi-5_4-2016q3/bin/../lib/gcc/arm-none-eabi/5.4.1/../../../../arm-none-eabi/lib/armv7e-m/fpu/fpv5-d16/libc.a(lib_a-init.o)
                              /ext/gcc-arm-none-eabi-5_4-2016q3/bin/../lib/gcc/arm-none-eabi/5.4.1/../../../../arm-none-eabi/lib/armv7e-m/fpu/fpv5-d16/crt0.o (__libc_init_array)
/ext/gcc-arm-none-eabi-5_4-2016q3/bin/../lib/gcc/arm-none-eabi/5.4.1/../../../../arm-none-eabi/lib/armv7e-m/fpu/fpv5-d16/libc.a(lib_a-memset.o)
                              /ext/gcc-arm-none-eabi-5_4-2016q3/bin/../lib/gcc/arm-none-eabi/5.4.1/../../../../arm-none-eabi/lib/armv7e-m/fpu/fpv5-d16/crt0.o (memset)
/ext/gcc-arm-none-eabi-5_4-2016q3/bin/../lib/gcc/arm-none-eabi/5.4.1/../../../../arm-none-eabi/lib/armv7e-m/fpu/fpv5-d16/libc.a(lib_a-__call_atexit.o)
                              /ext/gcc-arm-none-eabi-5_4-2016q3/bin/../lib/gcc/arm-none-eabi/5.4.1/../../../../arm-none-eabi/lib/armv7e-m/fpu/fpv5-d16/libc.a(lib_a-exit.o) (__call_exitprocs)
/ext/gcc-arm-none-eabi-5_4-2016q3/bin/../lib/gcc/arm-none-eabi/5.4.1/../../../../arm-none-eabi/lib/armv7e-m/fpu/fpv5-d16/libc.a(lib_a-atexit.o)
                              /ext/gcc-arm-none-eabi-5_4-2016q3/bin/../lib/gcc/arm-none-eabi/5.4.1/../../../../arm-none-eabi/lib/armv7e-m/fpu/fpv5-d16/libc.a(lib_a-__call_atexit.o) (atexit)
/ext/gcc-arm-none-eabi-5_4-2016q3/bin/../lib/gcc/arm-none-eabi/5.4.1/../../../../arm-none-eabi/lib/armv7e-m/fpu/fpv5-d16/libc.a(lib_a-fini.o)
                              /ext/gcc-arm-none-eabi-5_4-2016q3/bin/../lib/gcc/arm-none-eabi/5.4.1/../../../../arm-none-eabi/lib/armv7e-m/fpu/fpv5-d16/libc.a(lib_a-__call_atexit.o) (__libc_fini_array)
/ext/gcc-arm-none-eabi-5_4-2016q3/bin/../lib/gcc/arm-none-eabi/5.4.1/../../../../arm-none-eabi/lib/armv7e-m/fpu/fpv5-d16/libc.a(lib_a-__atexit.o)
                              /ext/gcc-arm-none-eabi-5_4-2016q3/bin/../lib/gcc/arm-none-eabi/5.4.1/../../../../arm-none-eabi/lib/armv7e-m/fpu/fpv5-d16/libc.a(lib_a-atexit.o) (__register_exitproc)

Allocating common symbols
Common symbol       size              file

ibuf                0x40              build/bd_comm.o
util_err            0x4               build/bd_util.o
peripheral_clk_hz   0x4               build/main.o
sys_irq_cnt         0x4               build/main.o
core_clk_hz         0x4               build/main.o
debug_v             0x20              build/main.o
sys_bg_cnt          0x4               build/main.o
tmp_irq_cnt         0x4               build/main.o

Discarded input sections

 .text          0x00000000        0x0 /ext/gcc-arm-none-eabi-5_4-2016q3/bin/../lib/gcc/arm-none-eabi/5.4.1/armv7e-m/fpu/fpv5-d16/crti.o
 .data          0x00000000        0x0 /ext/gcc-arm-none-eabi-5_4-2016q3/bin/../lib/gcc/arm-none-eabi/5.4.1/armv7e-m/fpu/fpv5-d16/crti.o
 .bss           0x00000000        0x0 /ext/gcc-arm-none-eabi-5_4-2016q3/bin/../lib/gcc/arm-none-eabi/5.4.1/armv7e-m/fpu/fpv5-d16/crti.o
 .text          0x00000000       0x5c /ext/gcc-arm-none-eabi-5_4-2016q3/bin/../lib/gcc/arm-none-eabi/5.4.1/armv7e-m/fpu/fpv5-d16/crtbegin.o
 .data          0x00000000        0x4 /ext/gcc-arm-none-eabi-5_4-2016q3/bin/../lib/gcc/arm-none-eabi/5.4.1/armv7e-m/fpu/fpv5-d16/crtbegin.o
 .bss           0x00000000       0x1c /ext/gcc-arm-none-eabi-5_4-2016q3/bin/../lib/gcc/arm-none-eabi/5.4.1/armv7e-m/fpu/fpv5-d16/crtbegin.o
 .init_array    0x00000000        0x4 /ext/gcc-arm-none-eabi-5_4-2016q3/bin/../lib/gcc/arm-none-eabi/5.4.1/armv7e-m/fpu/fpv5-d16/crtbegin.o
 .fini_array    0x00000000        0x4 /ext/gcc-arm-none-eabi-5_4-2016q3/bin/../lib/gcc/arm-none-eabi/5.4.1/armv7e-m/fpu/fpv5-d16/crtbegin.o
 .eh_frame      0x00000000        0x0 /ext/gcc-arm-none-eabi-5_4-2016q3/bin/../lib/gcc/arm-none-eabi/5.4.1/armv7e-m/fpu/fpv5-d16/crtbegin.o
 .jcr           0x00000000        0x0 /ext/gcc-arm-none-eabi-5_4-2016q3/bin/../lib/gcc/arm-none-eabi/5.4.1/armv7e-m/fpu/fpv5-d16/crtbegin.o
 .ARM.attributes
                0x00000000       0x32 /ext/gcc-arm-none-eabi-5_4-2016q3/bin/../lib/gcc/arm-none-eabi/5.4.1/armv7e-m/fpu/fpv5-d16/crtbegin.o
 .text          0x00000000       0x74 /ext/gcc-arm-none-eabi-5_4-2016q3/bin/../lib/gcc/arm-none-eabi/5.4.1/../../../../arm-none-eabi/lib/armv7e-m/fpu/fpv5-d16/crt0.o
 .data          0x00000000        0x0 /ext/gcc-arm-none-eabi-5_4-2016q3/bin/../lib/gcc/arm-none-eabi/5.4.1/../../../../arm-none-eabi/lib/armv7e-m/fpu/fpv5-d16/crt0.o
 .bss           0x00000000        0x0 /ext/gcc-arm-none-eabi-5_4-2016q3/bin/../lib/gcc/arm-none-eabi/5.4.1/../../../../arm-none-eabi/lib/armv7e-m/fpu/fpv5-d16/crt0.o
 .ARM.extab     0x00000000        0x0 /ext/gcc-arm-none-eabi-5_4-2016q3/bin/../lib/gcc/arm-none-eabi/5.4.1/../../../../arm-none-eabi/lib/armv7e-m/fpu/fpv5-d16/crt0.o
 .ARM.exidx     0x00000000        0x8 /ext/gcc-arm-none-eabi-5_4-2016q3/bin/../lib/gcc/arm-none-eabi/5.4.1/../../../../arm-none-eabi/lib/armv7e-m/fpu/fpv5-d16/crt0.o
 .ARM.attributes
                0x00000000       0x1e /ext/gcc-arm-none-eabi-5_4-2016q3/bin/../lib/gcc/arm-none-eabi/5.4.1/../../../../arm-none-eabi/lib/armv7e-m/fpu/fpv5-d16/crt0.o
 .text          0x00000000        0x0 build/main.o
 .data          0x00000000        0x0 build/main.o
 .bss           0x00000000        0x0 build/main.o
 .text._sbrk    0x00000000        0x2 build/main.o
 .text._close   0x00000000        0x2 build/main.o
 .text._fstat   0x00000000        0x2 build/main.o
 .text._isatty  0x00000000        0x2 build/main.o
 .text._lseek   0x00000000        0x2 build/main.o
 .text._read    0x00000000        0x2 build/main.o
 .text          0x00000000        0x0 build/startup_same70.o
 .data          0x00000000        0x0 build/startup_same70.o
 .bss           0x00000000        0x0 build/startup_same70.o
 .text          0x00000000        0x0 build/trng.o
 .data          0x00000000        0x0 build/trng.o
 .bss           0x00000000        0x0 build/trng.o
 .text.TRNG_Disable
                0x00000000       0x10 build/trng.o
 .text.TRNG_EnableIt
                0x00000000        0xc build/trng.o
 .text.TRNG_DisableIt
                0x00000000        0xc build/trng.o
 .text.TRNG_GetStatus
                0x00000000        0xc build/trng.o
 .text.TRNG_GetRandData
                0x00000000        0xc build/trng.o
 .text          0x00000000        0x0 build/bd_systick.o
 .data          0x00000000        0x0 build/bd_systick.o
 .bss           0x00000000        0x0 build/bd_systick.o
 .text          0x00000000        0x0 build/bd_comm.o
 .data          0x00000000        0x0 build/bd_comm.o
 .bss           0x00000000        0x0 build/bd_comm.o
 .text.puts     0x00000000       0x12 build/bd_comm.o
 .text._write   0x00000000       0x34 build/bd_comm.o
 .bss.dmy.6487  0x00000000        0x4 build/bd_comm.o
 .text          0x00000000        0x0 build/bd_hw.o
 .data          0x00000000        0x0 build/bd_hw.o
 .bss           0x00000000        0x0 build/bd_hw.o
 .text.BUTTON_read
                0x00000000       0x10 build/bd_hw.o
 .text          0x00000000        0x0 build/bd_timer.o
 .data          0x00000000        0x0 build/bd_timer.o
 .bss           0x00000000        0x0 build/bd_timer.o
 .text          0x00000000        0x0 build/bd_util.o
 .data          0x00000000        0x0 build/bd_util.o
 .bss           0x00000000        0x0 build/bd_util.o
 .text.dummy_wait
                0x00000000        0x2 build/bd_util.o
 .text.crc8     0x00000000       0x20 build/bd_util.o
 .rodata.crc8_Table
                0x00000000      0x100 build/bd_util.o
 .text          0x00000000        0x0 build/bd_printf.o
 .data          0x00000000        0x0 build/bd_printf.o
 .bss           0x00000000        0x0 build/bd_printf.o
 .text.xsprintf
                0x00000000       0x24 build/bd_printf.o
 .text          0x00000000        0x0 build/periodic.o
 .data          0x00000000        0x0 build/periodic.o
 .bss           0x00000000        0x0 build/periodic.o
 .text          0x00000000        0x0 build/interact.o
 .data          0x00000000        0x0 build/interact.o
 .bss           0x00000000        0x0 build/interact.o
 .text          0x00000000        0x0 /ext/gcc-arm-none-eabi-5_4-2016q3/bin/../lib/gcc/arm-none-eabi/5.4.1/../../../../arm-none-eabi/lib/armv7e-m/fpu/fpv5-d16/libc.a(lib_a-exit.o)
 .data          0x00000000        0x0 /ext/gcc-arm-none-eabi-5_4-2016q3/bin/../lib/gcc/arm-none-eabi/5.4.1/../../../../arm-none-eabi/lib/armv7e-m/fpu/fpv5-d16/libc.a(lib_a-exit.o)
 .bss           0x00000000        0x0 /ext/gcc-arm-none-eabi-5_4-2016q3/bin/../lib/gcc/arm-none-eabi/5.4.1/../../../../arm-none-eabi/lib/armv7e-m/fpu/fpv5-d16/libc.a(lib_a-exit.o)
 .text.exit     0x00000000       0x20 /ext/gcc-arm-none-eabi-5_4-2016q3/bin/../lib/gcc/arm-none-eabi/5.4.1/../../../../arm-none-eabi/lib/armv7e-m/fpu/fpv5-d16/libc.a(lib_a-exit.o)
 .debug_frame   0x00000000       0x28 /ext/gcc-arm-none-eabi-5_4-2016q3/bin/../lib/gcc/arm-none-eabi/5.4.1/../../../../arm-none-eabi/lib/armv7e-m/fpu/fpv5-d16/libc.a(lib_a-exit.o)
 .ARM.attributes
                0x00000000       0x32 /ext/gcc-arm-none-eabi-5_4-2016q3/bin/../lib/gcc/arm-none-eabi/5.4.1/../../../../arm-none-eabi/lib/armv7e-m/fpu/fpv5-d16/libc.a(lib_a-exit.o)
 .text          0x00000000        0x0 /ext/gcc-arm-none-eabi-5_4-2016q3/bin/../lib/gcc/arm-none-eabi/5.4.1/../../../../arm-none-eabi/lib/armv7e-m/fpu/fpv5-d16/libc.a(lib_a-impure.o)
 .data          0x00000000        0x0 /ext/gcc-arm-none-eabi-5_4-2016q3/bin/../lib/gcc/arm-none-eabi/5.4.1/../../../../arm-none-eabi/lib/armv7e-m/fpu/fpv5-d16/libc.a(lib_a-impure.o)
 .bss           0x00000000        0x0 /ext/gcc-arm-none-eabi-5_4-2016q3/bin/../lib/gcc/arm-none-eabi/5.4.1/../../../../arm-none-eabi/lib/armv7e-m/fpu/fpv5-d16/libc.a(lib_a-impure.o)
 .data.impure_data
                0x00000000      0x428 /ext/gcc-arm-none-eabi-5_4-2016q3/bin/../lib/gcc/arm-none-eabi/5.4.1/../../../../arm-none-eabi/lib/armv7e-m/fpu/fpv5-d16/libc.a(lib_a-impure.o)
 .data._impure_ptr
                0x00000000        0x4 /ext/gcc-arm-none-eabi-5_4-2016q3/bin/../lib/gcc/arm-none-eabi/5.4.1/../../../../arm-none-eabi/lib/armv7e-m/fpu/fpv5-d16/libc.a(lib_a-impure.o)
 .rodata._global_impure_ptr
                0x00000000        0x4 /ext/gcc-arm-none-eabi-5_4-2016q3/bin/../lib/gcc/arm-none-eabi/5.4.1/../../../../arm-none-eabi/lib/armv7e-m/fpu/fpv5-d16/libc.a(lib_a-impure.o)
 .ARM.attributes
                0x00000000       0x32 /ext/gcc-arm-none-eabi-5_4-2016q3/bin/../lib/gcc/arm-none-eabi/5.4.1/../../../../arm-none-eabi/lib/armv7e-m/fpu/fpv5-d16/libc.a(lib_a-impure.o)
 .text          0x00000000        0x0 /ext/gcc-arm-none-eabi-5_4-2016q3/bin/../lib/gcc/arm-none-eabi/5.4.1/../../../../arm-none-eabi/lib/armv7e-m/fpu/fpv5-d16/libc.a(lib_a-init.o)
 .data          0x00000000        0x0 /ext/gcc-arm-none-eabi-5_4-2016q3/bin/../lib/gcc/arm-none-eabi/5.4.1/../../../../arm-none-eabi/lib/armv7e-m/fpu/fpv5-d16/libc.a(lib_a-init.o)
 .bss           0x00000000        0x0 /ext/gcc-arm-none-eabi-5_4-2016q3/bin/../lib/gcc/arm-none-eabi/5.4.1/../../../../arm-none-eabi/lib/armv7e-m/fpu/fpv5-d16/libc.a(lib_a-init.o)
 .text.__libc_init_array
                0x00000000       0x50 /ext/gcc-arm-none-eabi-5_4-2016q3/bin/../lib/gcc/arm-none-eabi/5.4.1/../../../../arm-none-eabi/lib/armv7e-m/fpu/fpv5-d16/libc.a(lib_a-init.o)
 .debug_frame   0x00000000       0x2c /ext/gcc-arm-none-eabi-5_4-2016q3/bin/../lib/gcc/arm-none-eabi/5.4.1/../../../../arm-none-eabi/lib/armv7e-m/fpu/fpv5-d16/libc.a(lib_a-init.o)
 .ARM.attributes
                0x00000000       0x32 /ext/gcc-arm-none-eabi-5_4-2016q3/bin/../lib/gcc/arm-none-eabi/5.4.1/../../../../arm-none-eabi/lib/armv7e-m/fpu/fpv5-d16/libc.a(lib_a-init.o)
 .text          0x00000000        0x0 /ext/gcc-arm-none-eabi-5_4-2016q3/bin/../lib/gcc/arm-none-eabi/5.4.1/../../../../arm-none-eabi/lib/armv7e-m/fpu/fpv5-d16/libc.a(lib_a-memset.o)
 .data          0x00000000        0x0 /ext/gcc-arm-none-eabi-5_4-2016q3/bin/../lib/gcc/arm-none-eabi/5.4.1/../../../../arm-none-eabi/lib/armv7e-m/fpu/fpv5-d16/libc.a(lib_a-memset.o)
 .bss           0x00000000        0x0 /ext/gcc-arm-none-eabi-5_4-2016q3/bin/../lib/gcc/arm-none-eabi/5.4.1/../../../../arm-none-eabi/lib/armv7e-m/fpu/fpv5-d16/libc.a(lib_a-memset.o)
 .text.memset   0x00000000       0x9c /ext/gcc-arm-none-eabi-5_4-2016q3/bin/../lib/gcc/arm-none-eabi/5.4.1/../../../../arm-none-eabi/lib/armv7e-m/fpu/fpv5-d16/libc.a(lib_a-memset.o)
 .debug_frame   0x00000000       0x34 /ext/gcc-arm-none-eabi-5_4-2016q3/bin/../lib/gcc/arm-none-eabi/5.4.1/../../../../arm-none-eabi/lib/armv7e-m/fpu/fpv5-d16/libc.a(lib_a-memset.o)
 .ARM.attributes
                0x00000000       0x32 /ext/gcc-arm-none-eabi-5_4-2016q3/bin/../lib/gcc/arm-none-eabi/5.4.1/../../../../arm-none-eabi/lib/armv7e-m/fpu/fpv5-d16/libc.a(lib_a-memset.o)
 .text          0x00000000        0x0 /ext/gcc-arm-none-eabi-5_4-2016q3/bin/../lib/gcc/arm-none-eabi/5.4.1/../../../../arm-none-eabi/lib/armv7e-m/fpu/fpv5-d16/libc.a(lib_a-__call_atexit.o)
 .data          0x00000000        0x0 /ext/gcc-arm-none-eabi-5_4-2016q3/bin/../lib/gcc/arm-none-eabi/5.4.1/../../../../arm-none-eabi/lib/armv7e-m/fpu/fpv5-d16/libc.a(lib_a-__call_atexit.o)
 .bss           0x00000000        0x0 /ext/gcc-arm-none-eabi-5_4-2016q3/bin/../lib/gcc/arm-none-eabi/5.4.1/../../../../arm-none-eabi/lib/armv7e-m/fpu/fpv5-d16/libc.a(lib_a-__call_atexit.o)
 .text.startup.register_fini
                0x00000000       0x14 /ext/gcc-arm-none-eabi-5_4-2016q3/bin/../lib/gcc/arm-none-eabi/5.4.1/../../../../arm-none-eabi/lib/armv7e-m/fpu/fpv5-d16/libc.a(lib_a-__call_atexit.o)
 .init_array.00000
                0x00000000        0x4 /ext/gcc-arm-none-eabi-5_4-2016q3/bin/../lib/gcc/arm-none-eabi/5.4.1/../../../../arm-none-eabi/lib/armv7e-m/fpu/fpv5-d16/libc.a(lib_a-__call_atexit.o)
 .text.__call_exitprocs
                0x00000000       0xd8 /ext/gcc-arm-none-eabi-5_4-2016q3/bin/../lib/gcc/arm-none-eabi/5.4.1/../../../../arm-none-eabi/lib/armv7e-m/fpu/fpv5-d16/libc.a(lib_a-__call_atexit.o)
 .debug_frame   0x00000000       0x50 /ext/gcc-arm-none-eabi-5_4-2016q3/bin/../lib/gcc/arm-none-eabi/5.4.1/../../../../arm-none-eabi/lib/armv7e-m/fpu/fpv5-d16/libc.a(lib_a-__call_atexit.o)
 .ARM.attributes
                0x00000000       0x32 /ext/gcc-arm-none-eabi-5_4-2016q3/bin/../lib/gcc/arm-none-eabi/5.4.1/../../../../arm-none-eabi/lib/armv7e-m/fpu/fpv5-d16/libc.a(lib_a-__call_atexit.o)
 .text          0x00000000        0x0 /ext/gcc-arm-none-eabi-5_4-2016q3/bin/../lib/gcc/arm-none-eabi/5.4.1/../../../../arm-none-eabi/lib/armv7e-m/fpu/fpv5-d16/libc.a(lib_a-atexit.o)
 .data          0x00000000        0x0 /ext/gcc-arm-none-eabi-5_4-2016q3/bin/../lib/gcc/arm-none-eabi/5.4.1/../../../../arm-none-eabi/lib/armv7e-m/fpu/fpv5-d16/libc.a(lib_a-atexit.o)
 .bss           0x00000000        0x0 /ext/gcc-arm-none-eabi-5_4-2016q3/bin/../lib/gcc/arm-none-eabi/5.4.1/../../../../arm-none-eabi/lib/armv7e-m/fpu/fpv5-d16/libc.a(lib_a-atexit.o)
 .text.atexit   0x00000000        0xc /ext/gcc-arm-none-eabi-5_4-2016q3/bin/../lib/gcc/arm-none-eabi/5.4.1/../../../../arm-none-eabi/lib/armv7e-m/fpu/fpv5-d16/libc.a(lib_a-atexit.o)
 .debug_frame   0x00000000       0x20 /ext/gcc-arm-none-eabi-5_4-2016q3/bin/../lib/gcc/arm-none-eabi/5.4.1/../../../../arm-none-eabi/lib/armv7e-m/fpu/fpv5-d16/libc.a(lib_a-atexit.o)
 .ARM.attributes
                0x00000000       0x32 /ext/gcc-arm-none-eabi-5_4-2016q3/bin/../lib/gcc/arm-none-eabi/5.4.1/../../../../arm-none-eabi/lib/armv7e-m/fpu/fpv5-d16/libc.a(lib_a-atexit.o)
 .text          0x00000000        0x0 /ext/gcc-arm-none-eabi-5_4-2016q3/bin/../lib/gcc/arm-none-eabi/5.4.1/../../../../arm-none-eabi/lib/armv7e-m/fpu/fpv5-d16/libc.a(lib_a-fini.o)
 .data          0x00000000        0x0 /ext/gcc-arm-none-eabi-5_4-2016q3/bin/../lib/gcc/arm-none-eabi/5.4.1/../../../../arm-none-eabi/lib/armv7e-m/fpu/fpv5-d16/libc.a(lib_a-fini.o)
 .bss           0x00000000        0x0 /ext/gcc-arm-none-eabi-5_4-2016q3/bin/../lib/gcc/arm-none-eabi/5.4.1/../../../../arm-none-eabi/lib/armv7e-m/fpu/fpv5-d16/libc.a(lib_a-fini.o)
 .text.__libc_fini_array
                0x00000000       0x28 /ext/gcc-arm-none-eabi-5_4-2016q3/bin/../lib/gcc/arm-none-eabi/5.4.1/../../../../arm-none-eabi/lib/armv7e-m/fpu/fpv5-d16/libc.a(lib_a-fini.o)
 .debug_frame   0x00000000       0x34 /ext/gcc-arm-none-eabi-5_4-2016q3/bin/../lib/gcc/arm-none-eabi/5.4.1/../../../../arm-none-eabi/lib/armv7e-m/fpu/fpv5-d16/libc.a(lib_a-fini.o)
 .ARM.attributes
                0x00000000       0x32 /ext/gcc-arm-none-eabi-5_4-2016q3/bin/../lib/gcc/arm-none-eabi/5.4.1/../../../../arm-none-eabi/lib/armv7e-m/fpu/fpv5-d16/libc.a(lib_a-fini.o)
 .text          0x00000000        0x0 /ext/gcc-arm-none-eabi-5_4-2016q3/bin/../lib/gcc/arm-none-eabi/5.4.1/../../../../arm-none-eabi/lib/armv7e-m/fpu/fpv5-d16/libc.a(lib_a-__atexit.o)
 .data          0x00000000        0x0 /ext/gcc-arm-none-eabi-5_4-2016q3/bin/../lib/gcc/arm-none-eabi/5.4.1/../../../../arm-none-eabi/lib/armv7e-m/fpu/fpv5-d16/libc.a(lib_a-__atexit.o)
 .bss           0x00000000        0x0 /ext/gcc-arm-none-eabi-5_4-2016q3/bin/../lib/gcc/arm-none-eabi/5.4.1/../../../../arm-none-eabi/lib/armv7e-m/fpu/fpv5-d16/libc.a(lib_a-__atexit.o)
 .text.__register_exitproc
                0x00000000       0xa4 /ext/gcc-arm-none-eabi-5_4-2016q3/bin/../lib/gcc/arm-none-eabi/5.4.1/../../../../arm-none-eabi/lib/armv7e-m/fpu/fpv5-d16/libc.a(lib_a-__atexit.o)
 .debug_frame   0x00000000       0x34 /ext/gcc-arm-none-eabi-5_4-2016q3/bin/../lib/gcc/arm-none-eabi/5.4.1/../../../../arm-none-eabi/lib/armv7e-m/fpu/fpv5-d16/libc.a(lib_a-__atexit.o)
 .ARM.attributes
                0x00000000       0x32 /ext/gcc-arm-none-eabi-5_4-2016q3/bin/../lib/gcc/arm-none-eabi/5.4.1/../../../../arm-none-eabi/lib/armv7e-m/fpu/fpv5-d16/libc.a(lib_a-__atexit.o)
 .text          0x00000000        0x0 /ext/gcc-arm-none-eabi-5_4-2016q3/bin/../lib/gcc/arm-none-eabi/5.4.1/armv7e-m/fpu/fpv5-d16/crtend.o
 .data          0x00000000        0x0 /ext/gcc-arm-none-eabi-5_4-2016q3/bin/../lib/gcc/arm-none-eabi/5.4.1/armv7e-m/fpu/fpv5-d16/crtend.o
 .bss           0x00000000        0x0 /ext/gcc-arm-none-eabi-5_4-2016q3/bin/../lib/gcc/arm-none-eabi/5.4.1/armv7e-m/fpu/fpv5-d16/crtend.o
 .eh_frame      0x00000000        0x4 /ext/gcc-arm-none-eabi-5_4-2016q3/bin/../lib/gcc/arm-none-eabi/5.4.1/armv7e-m/fpu/fpv5-d16/crtend.o
 .jcr           0x00000000        0x4 /ext/gcc-arm-none-eabi-5_4-2016q3/bin/../lib/gcc/arm-none-eabi/5.4.1/armv7e-m/fpu/fpv5-d16/crtend.o
 .ARM.attributes
                0x00000000       0x32 /ext/gcc-arm-none-eabi-5_4-2016q3/bin/../lib/gcc/arm-none-eabi/5.4.1/armv7e-m/fpu/fpv5-d16/crtend.o
 .text          0x00000000        0x0 /ext/gcc-arm-none-eabi-5_4-2016q3/bin/../lib/gcc/arm-none-eabi/5.4.1/armv7e-m/fpu/fpv5-d16/crtn.o
 .data          0x00000000        0x0 /ext/gcc-arm-none-eabi-5_4-2016q3/bin/../lib/gcc/arm-none-eabi/5.4.1/armv7e-m/fpu/fpv5-d16/crtn.o
 .bss           0x00000000        0x0 /ext/gcc-arm-none-eabi-5_4-2016q3/bin/../lib/gcc/arm-none-eabi/5.4.1/armv7e-m/fpu/fpv5-d16/crtn.o
 .init          0x00000000        0x8 /ext/gcc-arm-none-eabi-5_4-2016q3/bin/../lib/gcc/arm-none-eabi/5.4.1/armv7e-m/fpu/fpv5-d16/crtn.o
 .fini          0x00000000        0x8 /ext/gcc-arm-none-eabi-5_4-2016q3/bin/../lib/gcc/arm-none-eabi/5.4.1/armv7e-m/fpu/fpv5-d16/crtn.o
 .ARM.attributes
                0x00000000       0x20 /ext/gcc-arm-none-eabi-5_4-2016q3/bin/../lib/gcc/arm-none-eabi/5.4.1/armv7e-m/fpu/fpv5-d16/crtn.o

Memory Configuration

Name             Origin             Length             Attributes
flash            0x00400000         0x00200000         xr
ram              0x20400000         0x00060000         xrw
*default*        0x00000000         0xffffffff

Linker script and memory map

LOAD /ext/gcc-arm-none-eabi-5_4-2016q3/bin/../lib/gcc/arm-none-eabi/5.4.1/armv7e-m/fpu/fpv5-d16/crti.o
LOAD /ext/gcc-arm-none-eabi-5_4-2016q3/bin/../lib/gcc/arm-none-eabi/5.4.1/armv7e-m/fpu/fpv5-d16/crtbegin.o
LOAD /ext/gcc-arm-none-eabi-5_4-2016q3/bin/../lib/gcc/arm-none-eabi/5.4.1/../../../../arm-none-eabi/lib/armv7e-m/fpu/fpv5-d16/crt0.o
                0x00600000                __top_flash = (ORIGIN (flash) + LENGTH (flash))
                0x20460000                __top_ram = (ORIGIN (ram) + LENGTH (ram))

.text           0x00400000      0xc0c
 FILL mask 0xff
 *(.vectors)
 .vectors       0x00400000      0x140 build/startup_same70.o
                0x00400000                vectors
 *(.text*)
 .text.identify
                0x00400140       0x48 build/main.o
                0x00400140                identify
 .text.startup.main
                0x00400188      0x11c build/main.o
                0x00400188                main
 .text.irq_handler_dummy
                0x004002a4        0x2 build/startup_same70.o
                0x004002a4                irq_handler_uart3
                0x004002a4                irq_handler_pioc
                0x004002a4                irq_handler_piod
                0x004002a4                irq_handler_pioa
                0x004002a4                irq_handler_xdmac
                0x004002a4                irq_handler_acc
                0x004002a4                irq_handler_pend_sv
                0x004002a4                irq_handler_uart0
                0x004002a4                irq_handler_mcan1
                0x004002a4                irq_handler_dummy
                0x004002a4                irq_handler_tc5
                0x004002a4                irq_handler_pwm0
                0x004002a4                irq_handler_efc
                0x004002a4                irq_handler_rswdt
                0x004002a4                irq_handler_wdt
                0x004002a4                irq_handler_ssc
                0x004002a4                irq_handler_rstc
                0x004002a4                irq_handler_isi
                0x004002a4                irq_handler_gmac
                0x004002a4                irq_handler_twihs0
                0x004002a4                irq_handler_usbhs
                0x004002a4                irq_handler_tc10
                0x004002a4                irq_handler_afec0
                0x004002a4                irq_handler_usart0
                0x004002a4                irq_handler_tc8
                0x004002a4                irq_handler_pioe
                0x004002a4                irq_handler_tc3
                0x004002a4                irq_handler_rtt
                0x004002a4                irq_handler_tc6
                0x004002a4                irq_handler_mm_fault
                0x004002a4                irq_handler_twihs1
                0x004002a4                irq_handler_aes
                0x004002a4                irq_handler_pwm1
                0x004002a4                irq_handler_uart2
                0x004002a4                irq_handler_bus_fault
                0x004002a4                irq_handler_spi0
                0x004002a4                irq_handler_debug_mon
                0x004002a4                irq_handler_nmi
                0x004002a4                irq_handler_pmc
                0x004002a4                irq_handler_sv_call
                0x004002a4                irq_handler_mcan0
                0x004002a4                irq_handler_tc9
                0x004002a4                irq_handler_sdramc
                0x004002a4                irq_handler_trng
                0x004002a4                irq_handler_piob
                0x004002a4                irq_handler_qspi
                0x004002a4                irq_handler_supc
                0x004002a4                irq_handler_hsmci
                0x004002a4                irq_handler_usart2
                0x004002a4                irq_handler_twihs2
                0x004002a4                irq_handler_tc1
                0x004002a4                irq_handler_tc7
                0x004002a4                irq_handler_uart1
                0x004002a4                irq_handler_uart4
                0x004002a4                irq_handler_spi1
                0x004002a4                irq_handler_hard_fault
                0x004002a4                irq_handler_rtc
                0x004002a4                irq_handler_tc4
                0x004002a4                irq_handler_icm
                0x004002a4                irq_handler_tc2
                0x004002a4                irq_handler_dacc
                0x004002a4                irq_handler_usage_fault
                0x004002a4                irq_handler_afec1
                0x004002a4                irq_handler_tc11
 *fill*         0x004002a6        0x2 ff
 .text.irq_handler_reset
                0x004002a8       0x5c build/startup_same70.o
                0x004002a8                irq_handler_reset
 .text.TRNG_Enable
                0x00400304       0x20 build/trng.o
                0x00400304                TRNG_Enable
 .text.systick_init
                0x00400324       0x20 build/bd_systick.o
                0x00400324                systick_init
 .text.irq_handler_sys_tick
                0x00400344       0x10 build/bd_systick.o
                0x00400344                irq_handler_sys_tick
 .text.uart_init
                0x00400354       0x7c build/bd_comm.o
                0x00400354                uart_init
 .text.uart_putc
                0x004003d0       0x14 build/bd_comm.o
                0x004003d0                uart_putc
 .text.uart_puts
                0x004003e4       0x12 build/bd_comm.o
                0x004003e4                uart_puts
 *fill*         0x004003f6        0x2 ff
 .text.irq_handler_usart1
                0x004003f8       0x5c build/bd_comm.o
                0x004003f8                irq_handler_usart1
 .text.LED_init
                0x00400454       0x14 build/bd_hw.o
                0x00400454                LED_init
 .text.LED_set  0x00400468       0x20 build/bd_hw.o
                0x00400468                LED_set
 .text.GPIO_init
                0x00400488       0x14 build/bd_hw.o
                0x00400488                GPIO_init
 .text.timer_set_period
                0x0040049c       0x1c build/bd_timer.o
                0x0040049c                timer_set_period
 .text.timer_init
                0x004004b8       0x48 build/bd_timer.o
                0x004004b8                timer_init
 .text.irq_handler_tc0
                0x00400500        0xc build/bd_timer.o
                0x00400500                irq_handler_tc0
 .text.xval     0x0040050c       0x28 build/bd_util.o
 .text.eval_s2  0x00400534       0x2c build/bd_util.o
                0x00400534                eval_s2
 .text.scan_x   0x00400560      0x110 build/bd_util.o
                0x00400560                scan_x
 .text.tstrnlen
                0x00400670       0x18 build/bd_printf.o
                0x00400670                tstrnlen
 .text.tsprintf
                0x00400688      0x156 build/bd_printf.o
 .text.tprintf  0x004007de       0x24 build/bd_printf.o
                0x004007de                tprintf
 *fill*         0x00400802        0x2 ff
 .text.main_tick
                0x00400804       0x54 build/periodic.o
                0x00400804                main_tick
 .text.interact
                0x00400858      0x290 build/interact.o
                0x00400858                interact
 *(.rodata)
 *(.rodata.*)
 .rodata.str1.1
                0x00400ae8       0x8f build/main.o
                                 0xb0 (size before relaxing)
 .rodata.str1.1
                0x00400b77       0x93 build/interact.o
                                 0x99 (size before relaxing)
                0x00400c0c                . = ALIGN (0x4)
 *fill*         0x00400c0a        0x2 ff

.glue_7         0x00400c0c        0x0
 .glue_7        0x00400c0c        0x0 linker stubs

.glue_7t        0x00400c0c        0x0
 .glue_7t       0x00400c0c        0x0 linker stubs

.vfp11_veneer   0x00400c0c        0x0
 .vfp11_veneer  0x00400c0c        0x0 linker stubs

.v4_bx          0x00400c0c        0x0
 .v4_bx         0x00400c0c        0x0 linker stubs

.init           0x00400c0c        0x4
 .init          0x00400c0c        0x4 /ext/gcc-arm-none-eabi-5_4-2016q3/bin/../lib/gcc/arm-none-eabi/5.4.1/armv7e-m/fpu/fpv5-d16/crti.o
                0x00400c0c                _init

.fini           0x00400c10        0x4
 .fini          0x00400c10        0x4 /ext/gcc-arm-none-eabi-5_4-2016q3/bin/../lib/gcc/arm-none-eabi/5.4.1/armv7e-m/fpu/fpv5-d16/crti.o
                0x00400c10                _fini

.iplt           0x00400c14        0x0
 .iplt          0x00400c14        0x0 /ext/gcc-arm-none-eabi-5_4-2016q3/bin/../lib/gcc/arm-none-eabi/5.4.1/armv7e-m/fpu/fpv5-d16/crtbegin.o

.rel.dyn        0x00400c14        0x0
 .rel.iplt      0x00400c14        0x0 /ext/gcc-arm-none-eabi-5_4-2016q3/bin/../lib/gcc/arm-none-eabi/5.4.1/armv7e-m/fpu/fpv5-d16/crtbegin.o
                0x00400c14                . = ALIGN (0x4)
                0x00400c14                _etext = .

.uninit_RESERVED
 *(.bss.$RESERVED*)

.data           0x20400000        0xc load address 0x00400c14
 FILL mask 0xff
                0x20400000                _data = .
 *(.ramfunc .ramfunc.*)
 *(vtable)
 *(.data*)
 .data.id_code  0x20400000        0x4 build/main.o
                0x20400000                id_code
 .data.id_bd    0x20400004        0x4 build/main.o
                0x20400004                id_bd
 .data.prompt   0x20400008        0x4 build/interact.o
                0x20400008                prompt
                0x2040000c                . = ALIGN (0x4)
                0x2040000c                _edata = .

.igot.plt       0x2040000c        0x0 load address 0x00400c20
 .igot.plt      0x2040000c        0x0 /ext/gcc-arm-none-eabi-5_4-2016q3/bin/../lib/gcc/arm-none-eabi/5.4.1/armv7e-m/fpu/fpv5-d16/crtbegin.o

.bss            0x2040000c       0xc8 load address 0x00400c20
                0x2040000c                _bss = .
 *(.bss*)
 .bss.bg_cnt.7965
                0x2040000c        0x4 build/main.o
 .bss.sys_flag  0x20400010        0x4 build/main.o
                0x20400010                sys_flag
 .bss.sys_tick  0x20400014        0x4 build/main.o
                0x20400014                sys_tick
 .bss.i_out     0x20400018        0x4 build/bd_comm.o
                0x20400018                i_out
 .bss.i_flag    0x2040001c        0x4 build/bd_comm.o
                0x2040001c                i_flag
 .bss.i_in      0x20400020        0x4 build/bd_comm.o
                0x20400020                i_in
 .bss.n_parm.4848
                0x20400024        0x2 build/bd_util.o
 *fill*         0x20400026        0x2 
 .bss.cntr_10hz
                0x20400028        0x4 build/periodic.o
 .bss.cntr_1hz  0x2040002c        0x4 build/periodic.o
 .bss.cntr_100hz
                0x20400030        0x4 build/periodic.o
 .bss.addr_offs
                0x20400034        0x4 build/interact.o
 .bss.prev_cmd.7779
                0x20400038        0x4 build/interact.o
 .bss.parm.7780
                0x2040003c       0x20 build/interact.o
 *(COMMON)
 COMMON         0x2040005c       0x34 build/main.o
                0x2040005c                peripheral_clk_hz
                0x20400060                sys_irq_cnt
                0x20400064                core_clk_hz
                0x20400068                debug_v
                0x20400088                sys_bg_cnt
                0x2040008c                tmp_irq_cnt
 COMMON         0x20400090       0x40 build/bd_comm.o
                0x20400090                ibuf
 COMMON         0x204000d0        0x4 build/bd_util.o
                0x204000d0                util_err
                0x204000d4                . = ALIGN (0x4)
                0x204000d4                _ebss = .
                [!provide]                PROVIDE (_end, .)
                0x20460000                PROVIDE (_stack_top, (__top_ram - 0x0))
LOAD build/main.o
LOAD build/startup_same70.o
LOAD build/trng.o
LOAD build/bd_systick.o
LOAD build/bd_comm.o
LOAD build/bd_hw.o
LOAD build/bd_timer.o
LOAD build/bd_util.o
LOAD build/bd_printf.o
LOAD build/periodic.o
LOAD build/interact.o
START GROUP
LOAD /ext/gcc-arm-none-eabi-5_4-2016q3/bin/../lib/gcc/arm-none-eabi/5.4.1/armv7e-m/fpu/fpv5-d16/libgcc.a
LOAD /ext/gcc-arm-none-eabi-5_4-2016q3/bin/../lib/gcc/arm-none-eabi/5.4.1/../../../../arm-none-eabi/lib/armv7e-m/fpu/fpv5-d16/libc.a
END GROUP
LOAD /ext/gcc-arm-none-eabi-5_4-2016q3/bin/../lib/gcc/arm-none-eabi/5.4.1/armv7e-m/fpu/fpv5-d16/crtend.o
LOAD /ext/gcc-arm-none-eabi-5_4-2016q3/bin/../lib/gcc/arm-none-eabi/5.4.1/armv7e-m/fpu/fpv5-d16/crtn.o
OUTPUT(build/Demo.elf elf32-littlearm)

.ARM.attributes
                0x00000000       0x2e
 .ARM.attributes
                0x00000000       0x20 /ext/gcc-arm-none-eabi-5_4-2016q3/bin/../lib/gcc/arm-none-eabi/5.4.1/armv7e-m/fpu/fpv5-d16/crti.o
 .ARM.attributes
                0x00000020       0x37 build/main.o
 .ARM.attributes
                0x00000057       0x37 build/startup_same70.o
 .ARM.attributes
                0x0000008e       0x37 build/trng.o
 .ARM.attributes
                0x000000c5       0x37 build/bd_systick.o
 .ARM.attributes
                0x000000fc       0x37 build/bd_comm.o
 .ARM.attributes
                0x00000133       0x37 build/bd_hw.o
 .ARM.attributes
                0x0000016a       0x37 build/bd_timer.o
 .ARM.attributes
                0x000001a1       0x37 build/bd_util.o
 .ARM.attributes
                0x000001d8       0x37 build/bd_printf.o
 .ARM.attributes
                0x0000020f       0x37 build/periodic.o
 .ARM.attributes
                0x00000246       0x37 build/interact.o

.comment        0x00000000       0x6e
 .comment       0x00000000       0x6e build/main.o
                                 0x6f (size before relaxing)
 .comment       0x0000006e       0x6f build/startup_same70.o
 .comment       0x0000006e       0x6f build/trng.o
 .comment       0x0000006e       0x6f build/bd_systick.o
 .comment       0x0000006e       0x6f build/bd_comm.o
 .comment       0x0000006e       0x6f build/bd_hw.o
 .comment       0x0000006e       0x6f build/bd_timer.o
 .comment       0x0000006e       0x6f build/bd_util.o
 .comment       0x0000006e       0x6f build/bd_printf.o
 .comment       0x0000006e       0x6f build/periodic.o
 .comment       0x0000006e       0x6f build/interact.o
